--------------------------------------------------------------------------------------
Timing Analyzer Summary
--------------------------------------------------------------------------------------

Type           : Worst-case tsu
Slack          : N/A
Required Time  : None
Actual Time    : 6.255 ns
From           : reset
To             : mc_interface:inst|cali[19]
From Clock     : --
To Clock       : clock
Failed Paths   : 0

Type           : Worst-case tco
Slack          : N/A
Required Time  : None
Actual Time    : 12.982 ns
From           : ADC_interface:inst1|data[3]
To             : data_out[3]
From Clock     : sclk
To Clock       : --
Failed Paths   : 0

Type           : Worst-case tpd
Slack          : N/A
Required Time  : None
Actual Time    : 12.250 ns
From           : read
To             : data_out[1]
From Clock     : --
To Clock       : --
Failed Paths   : 0

Type           : Worst-case th
Slack          : N/A
Required Time  : None
Actual Time    : 0.014 ns
From           : sdata
To             : ADC_interface:inst1|data[0]
From Clock     : --
To Clock       : sclk
Failed Paths   : 0

Type           : Clock Setup: 'clock'
Slack          : N/A
Required Time  : None
Actual Time    : 242.66 MHz ( period = 4.121 ns )
From           : mc_interface:inst|cali[19]
To             : mc_interface:inst|calinum[3]
From Clock     : clock
To Clock       : clock
Failed Paths   : 0

Type           : Clock Setup: 'sclk'
Slack          : N/A
Required Time  : None
Actual Time    : Restricted to 422.12 MHz ( period = 2.369 ns )
From           : ADC_interface:inst1|data[1]
To             : ADC_interface:inst1|data[2]
From Clock     : sclk
To Clock       : sclk
Failed Paths   : 0

Type           : Total number of failed paths
Slack          : 
Required Time  : 
Actual Time    : 
From           : 
To             : 
From Clock     : 
To Clock       : 
Failed Paths   : 0

--------------------------------------------------------------------------------------

